// Jest Snapshot v1, https://goo.gl/fbAQLP

exports[`BackToTop test 1`] = `
<BackToTopBase
  innerRef={null}
/>
`;
